Collecting numpy>=1.26
  Downloading numpy-2.4.6-cp311-cp311-win_amd64.whl.metadata (6.6 kB)
Collecting pandas>=2.1
  Downloading pandas-3.0.5-cp311-cp311-win_amd64.whl.metadata (19 kB)
Collecting pyarrow>=14
  Downloading pyarrow-25.0.1-cp311-cp311-win_amd64.whl.metadata (3.0 kB)
Collecting pydantic>=2.0
  Downloading pydantic-2.13.5-py3-none-any.whl.metadata (110 kB)
Collecting pytest>=8.0
  Downloading pytest-9.1.1-py3-none-any.whl.metadata (7.6 kB)
Collecting matplotlib>=3.8
  Downloading matplotlib-3.11.1-cp311-cp311-win_amd64.whl.metadata (80 kB)
Collecting scikit-learn>=1.3
  Downloading scikit_learn-1.9.0-cp311-cp311-win_amd64.whl.metadata (11 kB)
Collecting python-dateutil>=2.8.2 (from pandas>=2.1)
  Downloading python_dateutil-2.9.0.post0-py2.py3-none-any.whl.metadata (8.4 kB)
Collecting tzdata (from pandas>=2.1)
  Downloading tzdata-2026.3-py2.py3-none-any.whl.metadata (1.4 kB)
Collecting annotated-types>=0.6.0 (from pydantic>=2.0)
  Downloading annotated_types-0.8.0-py3-none-any.whl.metadata (15 kB)
Collecting pydantic-core==2.46.5 (from pydantic>=2.0)
  Downloading pydantic_core-2.46.5-cp311-cp311-win_amd64.whl.metadata (6.7 kB)
Collecting typing-extensions>=4.14.1 (from pydantic>=2.0)
  Downloading typing_extensions-4.16.0-py3-none-any.whl.metadata (3.3 kB)
Collecting typing-inspection>=0.4.2 (from pydantic>=2.0)
  Downloading typing_inspection-0.4.4-py3-none-any.whl.metadata (2.6 kB)
Collecting colorama>=0.4 (from pytest>=8.0)
  Downloading colorama-0.4.6-py2.py3-none-any.whl.metadata (17 kB)
Collecting iniconfig>=1.0.1 (from pytest>=8.0)
  Downloading iniconfig-2.3.0-py3-none-any.whl.metadata (2.5 kB)
Collecting packaging>=22 (from pytest>=8.0)
  Downloading packaging-26.3-py3-none-any.whl.metadata (3.5 kB)
Collecting pluggy<2,>=1.5 (from pytest>=8.0)
  Downloading pluggy-1.6.0-py3-none-any.whl.metadata (4.8 kB)
Collecting pygments>=2.7.2 (from pytest>=8.0)
  Downloading pygments-2.21.0-py3-none-any.whl.metadata (2.5 kB)
Collecting contourpy>=1.0.1 (from matplotlib>=3.8)
  Downloading contourpy-1.3.3-cp311-cp311-win_amd64.whl.metadata (5.5 kB)
Collecting cycler>=0.10 (from matplotlib>=3.8)
  Downloading cycler-0.12.1-py3-none-any.whl.metadata (3.8 kB)
Collecting fonttools>=4.28.2 (from matplotlib>=3.8)
  Downloading fonttools-4.64.0-cp311-cp311-win_amd64.whl.metadata (126 kB)
Collecting kiwisolver>=1.3.1 (from matplotlib>=3.8)
  Downloading kiwisolver-1.5.1-cp311-cp311-win_amd64.whl.metadata (5.2 kB)
Collecting pillow>=9 (from matplotlib>=3.8)
  Downloading pillow-12.3.0-cp311-cp311-win_amd64.whl.metadata (9.3 kB)
Collecting pyparsing>=3 (from matplotlib>=3.8)
  Downloading pyparsing-3.3.2-py3-none-any.whl.metadata (5.8 kB)
Collecting scipy>=1.10.0 (from scikit-learn>=1.3)
  Downloading scipy-1.17.1-cp311-cp311-win_amd64.whl.metadata (60 kB)
Collecting joblib>=1.4.0 (from scikit-learn>=1.3)
  Downloading joblib-1.6.0-py3-none-any.whl.metadata (6.5 kB)
Collecting narwhals>=2.0.1 (from scikit-learn>=1.3)
  Downloading narwhals-2.25.0-py3-none-any.whl.metadata (15 kB)
Collecting threadpoolctl>=3.5.0 (from scikit-learn>=1.3)
  Downloading threadpoolctl-3.6.0-py3-none-any.whl.metadata (13 kB)
Collecting cloudpickle>=3.0 (from joblib>=1.4.0->scikit-learn>=1.3)
  Downloading cloudpickle-3.1.2-py3-none-any.whl.metadata (7.1 kB)
Collecting six>=1.5 (from python-dateutil>=2.8.2->pandas>=2.1)
  Downloading six-1.17.0-py2.py3-none-any.whl.metadata (1.7 kB)
Downloading numpy-2.4.6-cp311-cp311-win_amd64.whl (12.6 MB)
   ---------------------------------------- 12.6/12.6 MB 1.3 MB/s  0:00:09
Downloading pandas-3.0.5-cp311-cp311-win_amd64.whl (10.0 MB)
   ---------------------------------------- 10.0/10.0 MB 1.9 MB/s  0:00:05
Downloading pyarrow-25.0.1-cp311-cp311-win_amd64.whl (27.9 MB)
   ---------------------------------------- 27.9/27.9 MB 2.8 MB/s  0:00:10
Downloading pydantic-2.13.5-py3-none-any.whl (472 kB)
Downloading pydantic_core-2.46.5-cp311-cp311-win_amd64.whl (2.0 MB)
   ---------------------------------------- 2.0/2.0 MB 3.1 MB/s  0:00:00
Downloading pytest-9.1.1-py3-none-any.whl (386 kB)
Downloading pluggy-1.6.0-py3-none-any.whl (20 kB)
Downloading matplotlib-3.11.1-cp311-cp311-win_amd64.whl (9.3 MB)
   ---------------------------------------- 9.3/9.3 MB 3.5 MB/s  0:00:02
Downloading scikit_learn-1.9.0-cp311-cp311-win_amd64.whl (8.3 MB)
   ---------------------------------------- 8.3/8.3 MB 2.2 MB/s  0:00:03
Downloading annotated_types-0.8.0-py3-none-any.whl (13 kB)
Downloading colorama-0.4.6-py2.py3-none-any.whl (25 kB)
Downloading contourpy-1.3.3-cp311-cp311-win_amd64.whl (225 kB)
Downloading cycler-0.12.1-py3-none-any.whl (8.3 kB)
Downloading fonttools-4.64.0-cp311-cp311-win_amd64.whl (2.5 MB)
   ---------------------------------------- 2.5/2.5 MB 2.3 MB/s  0:00:01
Downloading iniconfig-2.3.0-py3-none-any.whl (7.5 kB)
Downloading joblib-1.6.0-py3-none-any.whl (306 kB)
Downloading cloudpickle-3.1.2-py3-none-any.whl (22 kB)
Downloading kiwisolver-1.5.1-cp311-cp311-win_amd64.whl (70 kB)
Downloading narwhals-2.25.0-py3-none-any.whl (467 kB)
Downloading packaging-26.3-py3-none-any.whl (129 kB)
Downloading pillow-12.3.0-cp311-cp311-win_amd64.whl (7.2 MB)
   ---------------------------------------- 7.2/7.2 MB 3.2 MB/s  0:00:02
Downloading pygments-2.21.0-py3-none-any.whl (1.3 MB)
   ---------------------------------------- 1.3/1.3 MB 4.9 MB/s  0:00:00
Downloading pyparsing-3.3.2-py3-none-any.whl (122 kB)
Downloading python_dateutil-2.9.0.post0-py2.py3-none-any.whl (229 kB)
Downloading scipy-1.17.1-cp311-cp311-win_amd64.whl (36.6 MB)
   ---------------------------------------- 36.6/36.6 MB 4.0 MB/s  0:00:09
Downloading six-1.17.0-py2.py3-none-any.whl (11 kB)
Downloading threadpoolctl-3.6.0-py3-none-any.whl (18 kB)
Downloading typing_extensions-4.16.0-py3-none-any.whl (45 kB)
Downloading typing_inspection-0.4.4-py3-none-any.whl (14 kB)
Downloading tzdata-2026.3-py2.py3-none-any.whl (348 kB)
Installing collected packages: tzdata, typing-extensions, threadpoolctl, six, pyparsing, pygments, pyarrow, pluggy, pillow, packaging, numpy, narwhals, kiwisolver, iniconfig, fonttools, cycler, colorama, cloudpickle, annotated-types, typing-inspection, scipy, python-dateutil, pytest, pydantic-core, joblib, contourpy, scikit-learn, pydantic, pandas, matplotlib

